[2026-09-22 20:33:26] Loading records from file
[2026-09-22 20:33:26] Loading tool record into database
[2026-09-22 20:33:26] Tool record loaded: FERRARI, FER-00001, "Moto Esmeril 6""", "Esmeril 6"" modelo ME-6, 127/220 Volts, Peso 6.0 Kg", 215.0
[2026-09-22 20:33:26] Loading tool record into database
[2026-09-22 20:33:26] Tool record loaded: TRAMONTINA, TRA-00001, Alicate de bico laranja, Alicate de bico linha Tramontina-Pro Modelo 44006/006, 1000V, 67.9
[2026-09-22 20:33:26] Loading tool record into database
[2026-09-22 20:33:26] Tool record loaded: DEXTER, DEX-00001,  Alicate Desencapador, Alicate desencapador de fio, Modelo DB06A1-18, 1000V, IEC 60900, 234.89
[2026-09-22 20:33:26] Loading tool record into database
[2026-09-22 20:33:26] Tool record loaded: SPANTA, SPA-00002, " Chave Philips 3/16"" x 1.5""", Chave Philips cabo laranja, 16.51
[2026-09-22 20:33:26] Loading tool record into database
[2026-09-22 20:33:26] Tool record loaded: TRAMONTINA, TRA-00002, "Chave Philips 1/4x5"" - 6x125mm", Chave Philips linha Tramontina-Pro Modelo 44110/031 Vanadium ponta imantada, 14.99
[2026-09-22 20:33:26] Loading tool record into database
[2026-09-22 20:33:26] Tool record loaded: MTX, MTX-00001, "Chave Philips 1/4x4"" - 6x100mm",  Chave Philips Chrome Vanadium com ponta imantada, 15.11
[2026-09-22 20:33:26] Loading tool record into database
[2026-09-22 20:33:26] Tool record loaded: MTX, MTX-00002, "Chave de Fenda 1/4x4"" - 6x100mm",  Chave de Fenda Chrome Vanadium com ponta imantada, 13.9
[2026-09-22 20:33:26] Loading tool record into database
[2026-09-22 20:33:26] Tool record loaded: TRAMONTINA, TRA-00003, "Chave de Fenda 3/16x4"" - 5x100mm",  Chave de Fenda linha Tramontina-Pro Modelo 44110/021 Vanadium ponta imantada, 17.77
[2026-09-22 20:33:26] Loading tool record into database
[2026-09-22 20:33:26] Tool record loaded: NONBRAND, NON-00001, Chave Combinada com Catraca 11 mm,  Chave Combinada com Catraca 11 mm Chrome Vanadium, 31.08
[2026-09-22 20:33:26] Loading tool record into database
[2026-09-22 20:33:26] Tool record loaded: NONBRAND, NON-00002, "Alicate Corte Diagonal 6""", " Alicate Corte Diagonal 6"" 1000V", 39.9
[2026-09-22 20:33:26] Loading tool record into database
[2026-09-22 20:33:26] Tool record loaded: TRAMONTINA, TRA-00004, "Alicate de Pressão Mordente Reto 10""", "Alicate de Pressão Mordente Reto 10"" 44013/110 Tramontina-Pro", 84.55
[2026-09-22 20:33:26] Loading tool record into database
[2026-09-22 20:33:26] Tool record loaded: TRAMONTINA, TRA-00005, Chave Inglesa 14/15 mm, Chave Inglesa Tramontina 14/15 mm, 53.63
[2026-09-22 20:33:26] Loading tool record into database
[2026-09-22 20:33:26] Tool record loaded: NONBRAND, NON-00003, Chave de fenda catraca magnética, Chave de fenda catraca magnética Positivo e Negativo Antiderrapante Ferramenta manual, 50.0
[2026-09-22 20:33:26] Loading tool record into database
[2026-09-22 20:33:26] Tool record loaded: NONBRAND, NON-00004, Estilete corta fio, Estilete corta fio, 10.0
[2026-09-22 20:33:26] Loading tool record into database
[2026-09-22 20:33:26] Tool record loaded: WESTERN, WES-00005, "Paquímetro Digital 150mm - 6""", "Paquímetro Digital 150mm - 6"", Linha Profissional Pro", 54.99
[2026-09-22 20:33:26] Loading tool record into database
[2026-09-22 20:33:26] Tool record loaded: NONBRAND, NON-00006, Jogo de Chaves Allen Hexagonais, Jogo de Chaves Allen Hexagonais Longas 9 Peças 1,5 a 10mm Aço Cromo Vanadio Alta, 75.23
[2026-09-22 20:33:26] Loading tool record into database
[2026-09-22 20:33:26] Tool record loaded: NONBRAND, NON-00007, Chaves Allen Hexagonais 6mm, Chaves Allen Hexagonais 6mm, 4.24
[2026-09-22 20:33:26] Loading tool record into database
[2026-09-22 20:33:26] Tool record loaded: DEXTER, DEX-00003, Martelo de Unha 27mm, Martelo de Unha 27mm, 24.9
[2026-09-22 20:33:26] Loading tool record into database
[2026-09-22 20:33:26] Tool record loaded: DEXTER, DEX-00004, Espátula cabo de madeira, Espátula cabo de madeira, 8.92
[2026-09-22 20:33:26] Loading tool record into database
[2026-09-22 20:33:26] Tool record loaded: DEXTER, DEX-00005, Formão cabo de borracha, Formão cabo de borracha, 46.9
[2026-09-22 20:33:26] Loading tool record into database
[2026-09-22 20:33:26] Tool record loaded: STAMACO, STA-00001, Jogo de chaves torx T9 - T40, Jogo de chaves torx T9 - T40, 24.99
[2026-09-22 20:33:26] Loading tool record into database
[2026-09-22 20:33:26] Tool record loaded: BOSCH, BOS-00006, Jogo de Bits 36 peças, Jogo de Bits Impact Control 36 Peças 2608522365 Bosch, 346.4
[2026-09-22 20:33:26] Loading tool record into database
[2026-09-22 20:33:26] Tool record loaded: DREMEL, DRE-00001, kit para lixar micro-retífica, kit para lixar micro-retífica Dremel, 72.9
[2026-09-22 20:33:26] Loading tool record into database
[2026-09-22 20:33:26] Tool record loaded: NONBRAND, NON-00008, Óculos de segurança, Óculos de segurança, 3.19
[2026-09-22 20:33:26] Loading tool record into database
[2026-09-22 20:33:26] Tool record loaded: DANNY, DAN-00002, Luvas de Proteção emborrachadas, Luvas de Proteção emborrachadas MaxiGrip PRO, 10.52
[2026-09-22 20:33:26] Loading tool record into database
[2026-09-22 20:33:26] Tool record loaded: NONBRAND, NON-00009, Nível pequeno, Nível pequeno, 17.9
[2026-09-22 20:33:26] Loading tool record into database
[2026-09-22 20:33:26] Tool record loaded: STARRET, STA-00001, Serra para tico-tico, Serra para tico-tico Starret BU418, 16.82
[2026-09-22 20:33:26] Loading tool record into database
[2026-09-22 20:33:26] Tool record loaded: IRWIN, IRW-00002, Lápis de Pedreiro, Lápis de Pedreiro Médio Strait-Line, 6.28
[2026-09-22 20:33:26] Loading tool record into database
[2026-09-22 20:33:26] Tool record loaded: WESTERN, WES-00010, Calibrador de Pneus, Calibrador de Pneus 150 PSI, Linha Auto, 28.14
[2026-09-22 20:33:26] Loading tool record into database
[2026-09-22 20:33:26] Tool record loaded: NONBRAND, NON-00011, Jogo de Serra Copo p/ Madeira, Jogo de Serra Copo p/ Madeira, 20.47
[2026-09-22 20:33:26] Loading tool record into database
[2026-09-22 20:33:26] Tool record loaded: BOSCH, BOS-00007, Esmeril para furadeira, Esmeril para furadeira Bosch 17081338, 44.56
[2026-09-22 20:33:26] Loading tool record into database
[2026-09-22 20:33:26] Tool record loaded: BOSCH, BOS-00008, Escova de Aço para furadeira, Escova de Aço para furadeira, 12.0
[2026-09-22 20:33:26] Loading tool record into database
[2026-09-22 20:33:26] Tool record loaded: NONBRAND, NON-00012, Ponta Abrasiva Rosa p/ Furadeira, Ponta Abrasiva Rosa p/ Furadeira, 10.05
[2026-09-22 20:33:26] Loading tool record into database
[2026-09-22 20:33:26] Tool record loaded: MAKITA, MAK-00006, Broca 4mm para concreto, Broca Widea Para Concreto 4mm D-03894, 7.0
[2026-09-22 20:33:26] Loading tool record into database
[2026-09-22 20:33:26] Tool record loaded: MAKITA, MAK-00007, Broca 6mm para concreto, Broca Widea Para Concreto 6mm D-03894, 7.0
[2026-09-22 20:33:26] Loading tool record into database
[2026-09-22 20:33:26] Tool record loaded: MAKITA, MAK-00008, Broca 8mm para concreto, Broca Widea Para Concreto 8mm D-03894, 7.0
[2026-09-22 20:33:26] Loading tool record into database
[2026-09-22 20:33:26] Tool record loaded: MAKITA, MAK-00009, Broca 10mm para concreto, Broca Widea Para Concreto 10mm D-03894, 7.0
[2026-09-22 20:33:26] Loading tool record into database
[2026-09-22 20:33:26] Tool record loaded: MAKITA, MAK-00010, Broca Madeira 8mm, Broca Madeira 8mm (2x), 9.41
[2026-09-22 20:33:26] Loading tool record into database
[2026-09-22 20:33:26] Tool record loaded: MAKITA, MAK-00011, Broca Metal 8mm, Broca Metal 8mm, 15.0
[2026-09-22 20:33:26] Loading tool record into database
[2026-09-22 20:33:26] Tool record loaded: NONBRAND, NON-00013, Broca Concreto 8mm, Broca Concreto 8mm, 10.44
[2026-09-22 20:33:26] Loading tool record into database
[2026-09-22 20:33:26] Tool record loaded: MAKITA, MAK-00012, Broca Concreto 10mm, Broca Concreto 10mm, 10.0
[2026-09-22 20:33:26] Loading tool record into database
[2026-09-22 20:33:26] Tool record loaded: NONBRAND, NON-00014, Broca Concreto 3mm, Broca Concreto 3mm, 6.84
[2026-09-22 20:33:26] Loading tool record into database
[2026-09-22 20:33:26] Tool record loaded: MAKITA, MAK-00013, Broca madeira 6mm, Broca madeira 6mm (2), 9.7
[2026-09-22 20:33:26] Loading tool record into database
[2026-09-22 20:33:26] Tool record loaded: BOSCH, BOS-00009, Broca Concreto 5mm, Broca Concreto 5mm (2), 3.79
[2026-09-22 20:33:26] Loading tool record into database
[2026-09-22 20:33:26] Tool record loaded: NONBRAND, NON-00015, Broca Concreto 5mm, Broca Concreto 5mm, 3.79
[2026-09-22 20:33:26] Loading tool record into database
[2026-09-22 20:33:26] Tool record loaded: NONBRAND, NON-00016, Broca de Vídea 6mm, Broca de Vídea 6mm (2), 38.9
[2026-09-22 20:33:26] Loading tool record into database
[2026-09-22 20:33:26] Tool record loaded: BOSCH, BOS-00010, Broca de Vídea 6mm, Broca de Vídea 6mm, 38.9
[2026-09-22 20:33:26] Loading tool record into database
[2026-09-22 20:33:26] Tool record loaded: NONBRAND, NON-00017, Broca de Madeira 5mm, Broca de Madeira 5mm (2), 38.9
[2026-09-22 20:33:26] Loading tool record into database
[2026-09-22 20:33:26] Tool record loaded: NONBRAND, NON-00018, Broca de Concreto 4mm, Broca de Concreto 4mm(2), 2.8
[2026-09-22 20:33:26] Loading tool record into database
[2026-09-22 20:33:26] Tool record loaded: NONBRAND, NON-00019, Broca Metal 5mm, Broca Metal 5mm, 2.8
[2026-09-22 20:33:26] Loading tool record into database
[2026-09-22 20:33:26] Tool record loaded: NONBRAND, NON-00020, Broca Metal 6mm, Broca Metal 6mm, 2.8
[2026-09-22 20:33:26] Loading tool record into database
[2026-09-22 20:33:26] Tool record loaded: NONBRAND, NON-00021, Broca de concreto 6mm longa, Broca de concreto 6mm longa, 46.73
[2026-09-22 20:33:26] Loading tool record into database
[2026-09-22 20:33:26] Tool record loaded: BOSCH, BOS-00011, Broca multiuso expert 6mm, Broca multiuso expert 6mm com carbeto de tungstênio, 35.09
[2026-09-22 20:33:26] Loading tool record into database
[2026-09-22 20:33:26] Tool record loaded: BOSCH, BOS-00012, Broca de concreto 3mm, Broca de concreto 3mm (2), 2.8
[2026-09-22 20:33:26] Loading tool record into database
[2026-09-22 20:33:26] Tool record loaded: NONBRAND, NON-00022, Broca de Madeira 10mm, Broca de Madeira 10mm, 10.0
[2026-09-22 20:33:26] Loading tool record into database
[2026-09-22 20:33:26] Tool record loaded: NONBRAND, NON-00023, Broca de Madeira 8mm, Broca de Madeira 8mm, 10.0
[2026-09-22 20:33:26] Loading tool record into database
[2026-09-22 20:33:26] Tool record loaded: NONBRAND, NON-00024, Broca de Madeira 6mm, Broca de Madeira 6mm, 10.0
[2026-09-22 20:33:26] Loading tool record into database
[2026-09-22 20:33:26] Tool record loaded: NONBRAND, NON-00025, Broca de Madeira 5mm, Broca de Madeira 5mm(2), 10.0
[2026-09-22 20:33:26] Loading tool record into database
[2026-09-22 20:33:26] Tool record loaded: NONBRAND, NON-00026, Broca de Madeira 4mm, Broca de Madeira 4mm, 10.0
[2026-09-22 20:33:26] Loading tool record into database
[2026-09-22 20:33:26] Tool record loaded: NONBRAND, NON-00027, Broca Metal Duro 6mm, Broca Metal Duro 6mm, 348.11
[2026-09-22 20:33:26] Loading tool record into database
[2026-09-22 20:33:26] Tool record loaded: NONBRAND, NON-00028, Chave Mandril para Furadeira, Chave Mandril para Furadeira, 8.0
[2026-09-22 20:33:26] Loading tool record into database
[2026-09-22 20:33:26] Tool record loaded: STANLEY, STA-00001, Caixa de Ferramentas 49.2 x 25,4 x 24,8 cm, "Caixa de Ferramentas Stanley Modelo 19"" Série 2000 19-013", 98.0
[2026-09-22 20:33:26] Loading tool record into database
[2026-09-22 20:33:26] Tool record loaded: BOSCH, BOS-00013, Conjunto de Brocas/Bits Bosch X33, Conjunto de Brocas/Bits Bosch X33 33 peças brocas de Madeira/Concreto/Aço, 75.0
[2026-09-22 20:33:26] Loading tool record into database
[2026-09-22 20:33:26] Tool record loaded: WESTERN, WES-00029, Colher de pedreiro, Colher de pedreiro, 18.9
[2026-09-22 20:33:26] Loading tool record into database
[2026-09-22 20:33:26] Tool record loaded: STAMACO, STA-00003, Jogo de chaves fendas/philips, Jogo de chaves fendas/philips, 40.0
[2026-09-22 20:33:26] Loading tool record into database
[2026-09-22 20:33:26] Tool record loaded: NONBRAND, NON-00030, "Chave phillips 1/6"" x 2""", "Chave phillips 1/6"" x 2"" - 4mm x 50mm ", 13.59
[2026-09-22 20:33:26] Loading tool record into database
[2026-09-22 20:33:26] Tool record loaded: NONBRAND, NON-00031, "Chave Fenda 1/8"" x 2.5""", "Chave Fenda 1/8"" x 2.5"" - 3mm x 75mm", 10.12
[2026-09-22 20:33:26] Loading tool record into database
[2026-09-22 20:33:26] Tool record loaded: NONBRAND, NON-00032, Chave Allen Hexagonais 5mm, Chave Allen Hexagonais 5mm (6), 4.02
[2026-09-22 20:33:26] Loading tool record into database
[2026-09-22 20:33:26] Tool record loaded: NONBRAND, NON-00033, Chave Allen Formato Z 4mm, Chave Allen Formato Z 4mm (5), 4.01
[2026-09-22 20:33:26] Loading tool record into database
[2026-09-22 20:33:26] Tool record loaded: NONBRAND, NON-00034, "Chave Fenda 1/8"" x 1.4""", "Chave Fenda 1/8"" x 1.4"" - 3mm x 35mm", 8.49
[2026-09-22 20:33:26] Loading tool record into database
[2026-09-22 20:33:26] Tool record loaded: NONBRAND, NON-00035, "Chave Fenda 1/12"" x 1.25""", "Chave Fenda 1/12"" x 1.25"" - 8mm x 31mm", 7.79
[2026-09-22 20:33:26] Loading tool record into database
[2026-09-22 20:33:26] Tool record loaded: NONBRAND, NON-00036, "Chave Philips 1/8"" x 3""", "Chave Philips 1/8"" x 3"" - 3mm x 75mm", 6.1
[2026-09-22 20:33:26] Loading tool record into database
[2026-09-22 20:33:26] Tool record loaded: NONBRAND, NON-00037, "Chave Philips 1/8"" x 6""", "Chave Philips 1/8"" x 6"" - 3mm x 150mm", 3.5
[2026-09-22 20:33:26] Loading tool record into database
[2026-09-22 20:33:26] Tool record loaded: DREMEL, DRE-00002, Micro-retífica, Micro-retífica Dremel 4000 Professional 110 Volts F0134000GB, 580.99
[2026-09-22 20:33:26] Loading tool record into database
[2026-09-22 20:33:26] Tool record loaded: BOSCH, BOS-00014, Bosch Furadeira Parafusadeira, Bosch Furadeira Parafusadeira GSR 1000 Smart, Com Acessórios, 12 Volts, 399.0
[2026-09-22 20:33:26] Loading tool record into database
[2026-09-22 20:33:26] Tool record loaded: WESTERN, WES-00038, Nível com 3 Bolhas 50 cm, Nível com 3 Bolhas 50 cm, Western, HT-20, Amarelo, 30.0
[2026-09-22 20:33:26] Loading tool record into database
[2026-09-22 20:33:26] Tool record loaded: TRAMONTINA, TRA-00015, Colher Pedreiro 08, Colher Pedreiro 08, 26.1
[2026-09-22 20:33:26] Loading tool record into database
[2026-09-22 20:33:26] Tool record loaded: GALO, GAL-00001, Desempenadeira 18x30 Galo,  Desempenadeira PVC 18x30, 24.6
[2026-09-22 20:33:26] Loading tool record into database
[2026-09-22 20:33:26] Tool record loaded: VOLK, VOL-00001, Luvas de Proteção emborrachadas, Luvas de Proteção emborrachadas Volk do Brasil, 8.0
[2026-09-22 20:33:26] Loading tool record into database
[2026-09-22 20:33:26] Tool record loaded: TRAMONTINA, TRA-00016, Chave Grifo, Chave Grifo Tramontina-Pro 18" 44021/018, 230.0
[2026-09-22 20:33:26] Loading tool record into database
[2026-09-22 20:33:26] Tool record loaded: CORNETA, COR-00003, Chave Grifo, Chave Grifo 12" Corneta 350, 300.0
[2026-09-22 20:33:26] Loading tool record into database
[2026-09-22 20:33:26] Tool record loaded: STANLEY, STA-00002, Chave Grifo, Chave Grifo De Cano Heavy Duty 24" Stanley, 250.0
[2026-09-22 20:33:26] Loading tool record into database
[2026-09-22 20:33:26] Tool record loaded: THOMPSON, THO-00004, Chave Grifo, Chave de Grifo 14" 350m Thompson, 40.0
[2026-09-22 20:33:26] Loading tool record into database
[2026-09-22 20:33:26] Tool record loaded: NONBRAND, NON-00039, Chave Grifo, Chave de Grifo 10" BYD ForkLift, 10.0
[2026-09-22 20:33:26] Loading tool record into database
[2026-09-22 20:33:26] Tool record loaded: NONBRAND, NON-00040, Chave de Boca, Chave de Boca 12-14 mm BYD ForkLift, 10.0
[2026-09-22 20:33:26] Loading tool record into database
[2026-09-22 20:33:26] Tool record loaded: NONBRAND, NON-00041, Chave de Boca, Chave de Boca 8-10 mm BYD ForkLift, 10.0
[2026-09-22 20:33:26] Loading tool record into database
[2026-09-22 20:33:26] Tool record loaded: NONBRAND, NON-00042, Chave de Boca, Chave de Boca 17-19 mm BYD ForkLift, 10.0
[2026-09-22 20:33:26] Loading tool record into database
[2026-09-22 20:33:26] Tool record loaded: NONBRAND, NON-00043, Soquete, Soquete Sextavado 19 mm BYD ForkLift, 10.0
[2026-09-22 20:33:26] Loading tool record into database
[2026-09-22 20:33:26] Tool record loaded: NONBRAND, NON-00044, Soquete, Soquete Sextavado 22 mm BYD ForkLift, 10.0
[2026-09-22 20:33:26] Loading tool record into database
[2026-09-22 20:33:26] Tool record loaded: NONBRAND, NON-00045, Soquete, Soquete Sextavado 27 mm BYD ForkLift, 10.0
[2026-09-22 20:33:26] Loading tool record into database
[2026-09-22 20:33:26] Tool record loaded: NONBRAND, NON-00046, Soquete, Soquete Sextavado 36 mm BYD ForkLift, 10.0
[2026-09-22 20:33:26] Loading tool record into database
[2026-09-22 20:33:26] Tool record loaded: NONBRAND, NON-00047, Soquete, Soquete Sextavado 41mm BYD ForkLift, 10.0
[2026-09-22 20:33:26] Loading tool record into database
[2026-09-22 20:33:26] Tool record loaded: NONBRAND, NON-00048, Chave Phillips 4", Chave Philips 4" 96mm 1-4 5mm BYD ForkLift, 10.0
[2026-09-22 20:33:26] Loading tool record into database
[2026-09-22 20:33:26] Tool record loaded: NONBRAND, NON-00049, Chave Gancho, Chave Gancho 55-62 BYD ForkLift, 10.0
[2026-09-22 20:33:26] Loading tool record into database
[2026-09-22 20:33:26] Tool record loaded: NONBRAND, NON-00050, Chave Gancho, Chave Gancho 68-72 BYD ForkLift, 10.0
[2026-09-22 20:33:26] Loading tool record into database
[2026-09-22 20:33:26] Tool record loaded: NONBRAND, NON-00051, Engraxadeira, Engraxadeira BYD ForLift, 10.0
[2026-09-22 20:33:26] Loading tool record into database
[2026-09-22 20:33:26] Tool record loaded: BLACK&DECKER, BLA-00002, Polidora, Polidora Orbital 120W 127v ~ 60 Hz, 389.0
[2026-09-22 20:33:26] Loading tool record into database
[2026-09-22 20:33:26] Tool record loaded: BOSCH, BOS-00017, Esmirilhadeira, Esmirilhadeira Angular Bosch Professional GWS 20-180, 800.0
[2026-09-22 20:33:26] Loading tool record into database
[2026-09-22 20:33:26] Tool record loaded: BLACK&DECKER, BLA-00003, Lixadeira, Lixadeira Black&Decker 220v ~ 60 Hz 135 Watts CD450-B2, 300.0
[2026-09-22 20:33:26] Loading tool record into database
[2026-09-22 20:33:26] Tool record loaded: EXCELLENT, EXC-00004, Torno, Mini Torno 60 mm Base Fixa, 50.0
[2026-09-22 20:33:26] Loading tool record into database
[2026-09-22 20:33:26] Tool record loaded: TRAMONTINA, TRA-00018, Tesoura, Tesoura para cerca-viva grama 78330 125, 50.0
[2026-09-22 20:33:26] Loading tool record into database
[2026-09-22 20:33:26] Tool record loaded: NONBRAND, NON-00052, Macaco Hidraulico, Macaco Hidraulico Jacaré 2t Jacarezinho Vonder Profissional, 200.0
[2026-09-22 20:33:26] Loading records completed
[2026-09-22 20:33:26] Loading provider records from file
[2026-09-22 20:33:26] Loading provider records completed
